011001010110100000000101000000000000001000011000000110101011000101010000001100100101110100000100000

NEW SEED

101000000000001100111100000100000010111110001101101000000010101110010000001000101000000110000110000